3000 calls; manual entries mapped: 55, unmapped titles: []
Warning: You are sending unauthenticated requests to the HF Hub. Please set a HF_TOKEN to enable higher rate limits and faster downloads.
Loading weights:   0%|          | 0/103 [00:00<?, ?it/s]Loading weights: 100%|██████████| 103/103 [00:00<00:00, 5938.65it/s]
500/3000
1000/3000
1500/3000
2000/3000
2500/3000
3000/3000

=== Manual-RAG vs experience vs both, k=5, sentence-transformers/all-MiniLM-L6-v2 ===
| condition | hit@5 | hit@1 | hit@5 first500 | hit@5 last500 | n |
|---|---|---|---|---|---|
| manual_sim | 0.844 | 0.591 | 0.868 | 0.816 | 3000 |
| team_sim | 0.874 | 0.711 | 0.788 | 0.894 | 2999 |
| team_rfm | 0.870 | 0.723 | 0.786 | 0.884 | 2999 |
| both_sim | 0.886 | 0.716 | 0.862 | 0.896 | 3000 |
| both_rfm | 0.882 | 0.730 | 0.856 | 0.886 | 3000 |

learning curves hit@1 by quintile:
| condition | Q1 | Q2 | Q3 | Q4 | Q5 |
|---|---|---|---|---|---|
| manual_sim | 0.593 | 0.602 | 0.617 | 0.562 | 0.583 |
| team_sim | 0.613 | 0.725 | 0.740 | 0.725 | 0.751 |
| team_rfm | 0.612 | 0.730 | 0.755 | 0.742 | 0.778 |
| both_sim | 0.645 | 0.720 | 0.742 | 0.723 | 0.752 |
| both_rfm | 0.643 | 0.727 | 0.755 | 0.745 | 0.778 |

paired deltas:
  [h@1] team_sim  - manual_sim: +0.1197 [+0.0997,+0.1390] n=2999
  [h@1] both_rfm  - team_rfm:   +0.0063 [+0.0030,+0.0100] n=2999
  [h@1] both_rfm  - manual_sim: +0.1383 [+0.1193,+0.1577] n=3000
  [h@1] both_rfm  - both_sim:   +0.0133 [+0.0057,+0.0213] n=3000
  [h@5] both_rfm - team_rfm (first 500 aligned calls): +0.0700 [+0.0480,+0.0940]
