4396 calls, 908 poisoned writes, attack=upvote pump=50 attackers=1
500/4396
1000/4396
1500/4396
2000/4396
2500/4396
3000/4396
3500/4396
4000/4396

=== star adversary=upvote rate=0.2 pump=50 attackers=1, k=5, sentence-transformers/all-MiniLM-L6-v2 ===
| condition | legit hit@1 | legit hit@k | poison occupancy | clean-store hit@1 |
|---|---|---|---|---|
| sim | 0.920 | 0.966 | 0.024 | — |
| rfm | 0.905 | 0.969 | 0.047 | 0.944 |
| rfm_self | 0.941 | 0.971 | 0.011 | 0.944 |
| rfm_vote | 0.906 | 0.969 | 0.042 | 0.940 |
| rfm_both | 0.937 | 0.970 | 0.012 | 0.941 |
| rfm_trust | 0.931 | 0.970 | 0.018 | 0.943 |
| rfm_self_trust | 0.941 | 0.970 | 0.006 | 0.944 |
| rfm_vote_trust | 0.927 | 0.970 | 0.019 | 0.940 |
| rfm_trust2 | 0.929 | 0.971 | 0.020 | 0.943 |
| rfm_liable | 0.932 | 0.972 | 0.017 | 0.944 |
| rfm_self_liable | 0.943 | 0.971 | 0.006 | 0.944 |

pre-registered endpoints:
  A1 attack hurts unhardened:  h@1 sim - rfm:       +0.0150 [+0.0082,+0.0221] n=4396
  A2 rfm_self       recovers:  h@1 rfm_self - rfm:  +0.0359 [+0.0303,+0.0419] n=4396
     rfm_self       vs sim baseline: h@1 rfm_self - sim:  +0.0209 [+0.0159,+0.0262] n=4396
  A2 rfm_vote       recovers:  h@1 rfm_vote - rfm:  +0.0014 [-0.0030,+0.0057] n=4396
     rfm_vote       vs sim baseline: h@1 rfm_vote - sim:  -0.0136 [-0.0200,-0.0075] n=4396
  A2 rfm_both       recovers:  h@1 rfm_both - rfm:  +0.0325 [+0.0264,+0.0387] n=4396
     rfm_both       vs sim baseline: h@1 rfm_both - sim:  +0.0175 [+0.0130,+0.0223] n=4396
  A2 rfm_trust      recovers:  h@1 rfm_trust - rfm:  +0.0259 [+0.0209,+0.0312] n=4396
     rfm_trust      vs sim baseline: h@1 rfm_trust - sim:  +0.0109 [+0.0057,+0.0159] n=4396
  A2 rfm_self_trust recovers:  h@1 rfm_self_trust - rfm:  +0.0366 [+0.0307,+0.0425] n=4396
     rfm_self_trust vs sim baseline: h@1 rfm_self_trust - sim:  +0.0216 [+0.0166,+0.0268] n=4396
  A2 rfm_vote_trust recovers:  h@1 rfm_vote_trust - rfm:  +0.0221 [+0.0168,+0.0275] n=4396
     rfm_vote_trust vs sim baseline: h@1 rfm_vote_trust - sim:  +0.0071 [+0.0020,+0.0121] n=4396
  A2 rfm_trust2     recovers:  h@1 rfm_trust2 - rfm:  +0.0243 [+0.0193,+0.0296] n=4396
     rfm_trust2     vs sim baseline: h@1 rfm_trust2 - sim:  +0.0093 [+0.0041,+0.0146] n=4396
  A2 rfm_liable     recovers:  h@1 rfm_liable - rfm:  +0.0278 [+0.0227,+0.0330] n=4396
     rfm_liable     vs sim baseline: h@1 rfm_liable - sim:  +0.0127 [+0.0075,+0.0180] n=4396
  A2 rfm_self_liable recovers:  h@1 rfm_self_liable - rfm:  +0.0380 [+0.0321,+0.0441] n=4396
     rfm_self_liable vs sim baseline: h@1 rfm_self_liable - sim:  +0.0230 [+0.0180,+0.0282] n=4396

collusion detector (log-only forensics):
| actor | reciprocity | concentration | dissent | votes | writer trust | attacker? |
|---|---|---|---|---|---|---|
| actor:agent1 | 1.000 | 0.126 | 0.078 | 2650 | -0.314 | no |
| actor:agent3 | 1.000 | 0.127 | 0.070 | 2653 | +0.899 | no |
| actor:agent7 | 1.000 | 0.128 | 0.077 | 2638 | +0.788 | no |
| actor:agent5 | 1.000 | 0.128 | 0.090 | 2644 | +0.286 | no |
| actor:agent6 | 1.000 | 0.130 | 0.074 | 2660 | +0.794 | no |
| actor:agent0 | 1.000 | 0.127 | 0.068 | 2647 | +0.705 | no |
| actor:agent4 | 1.000 | 0.128 | 0.083 | 2657 | +0.139 | no |
| actor:agent2 | 1.000 | 0.126 | 0.080 | 2662 | +0.706 | no |
| actor:attacker0 | 0.000 | 0.000 | 0.000 | 45400 | -1.000 | YES |
  L3 ring collapse (liable store): attacker trust -1.000 vs honest +0.987 (separation +1.987)
     baseline (trust store, no liability): -1.000 vs +0.500 (separation +1.500)
  reciprocity    precision@1 = 0/1  separation = -1.000
  concentration  precision@1 = 0/1  separation = -0.127
  dissent        precision@1 = 0/1  separation = -0.078

  utility bars (clean store, no attacker present):
  U rfm_self       - rfm:  +0.0009 [-0.0009,+0.0030] n=4395
  U rfm_vote       - rfm:  -0.0034 [-0.0059,-0.0009] n=4395
  U rfm_both       - rfm:  -0.0027 [-0.0055,+0.0000] n=4395
  U rfm_trust      - rfm:  -0.0005 [-0.0023,+0.0011] n=4395
  U rfm_self_trust - rfm:  +0.0000 [-0.0018,+0.0018] n=4395
  U rfm_vote_trust - rfm:  -0.0034 [-0.0061,-0.0009] n=4395
  U rfm_trust2     - rfm:  -0.0009 [-0.0030,+0.0011] n=4395
  U rfm_liable     - rfm:  +0.0007 [-0.0011,+0.0025] n=4395
  U rfm_self_liable - rfm:  +0.0005 [-0.0016,+0.0025] n=4395
