4396 calls, 0 poisoned writes, attack=downvote pump=50 attackers=1
Warning: You are sending unauthenticated requests to the HF Hub. Please set a HF_TOKEN to enable higher rate limits and faster downloads.
Loading weights:   0%|          | 0/103 [00:00<?, ?it/s]Loading weights: 100%|██████████| 103/103 [00:00<00:00, 5633.02it/s]
censorship targets: ['bank_fraud_report', 'party_plan', 'ride_book', 'trip_directions']
500/4396
1000/4396
1500/4396
2000/4396
2500/4396
3000/4396
3500/4396
4000/4396

=== star adversary=downvote rate=0.2 pump=50 attackers=1, k=5, sentence-transformers/all-MiniLM-L6-v2 ===
| condition | legit hit@1 | legit hit@k | poison occupancy | clean-store hit@1 |
|---|---|---|---|---|
| sim | 0.931 | 0.968 | 0.000 | — |
| rfm | 0.944 | 0.975 | 0.000 | 0.944 |
| rfm_self | 0.943 | 0.973 | 0.000 | 0.944 |
| rfm_vote | 0.940 | 0.973 | 0.000 | 0.940 |
| rfm_both | 0.940 | 0.972 | 0.000 | 0.941 |
| rfm_trust | 0.940 | 0.972 | 0.000 | 0.943 |
| rfm_self_trust | 0.939 | 0.973 | 0.000 | 0.944 |

censored-label breakdown (hit@1 on targeted vs untargeted calls):
| condition | targeted | untargeted |
|---|---|---|
| sim | 0.939 | 0.927 |
| rfm | 0.960 | 0.937 |
| rfm_self | 0.958 | 0.935 |
| rfm_vote | 0.958 | 0.930 |
| rfm_both | 0.957 | 0.932 |
| rfm_trust | 0.956 | 0.932 |
| rfm_self_trust | 0.955 | 0.932 |

pre-registered endpoints:
  A1 attack hurts unhardened:  h@1 sim - rfm:       -0.0136 [-0.0182,-0.0091] n=4396
  A1t on TARGETED calls:       h@1 sim - rfm:       -0.0214 [-0.0307,-0.0127] n=1498
  A2t rfm_self       targeted:   h@1 rfm_self - rfm:  -0.0020 [-0.0053,+0.0007] n=1498
  A2t rfm_vote       targeted:   h@1 rfm_vote - rfm:  -0.0020 [-0.0067,+0.0020] n=1498
  A2t rfm_both       targeted:   h@1 rfm_both - rfm:  -0.0027 [-0.0073,+0.0020] n=1498
  A2t rfm_trust      targeted:   h@1 rfm_trust - rfm:  -0.0040 [-0.0087,+0.0007] n=1498
  A2t rfm_self_trust targeted:   h@1 rfm_self_trust - rfm:  -0.0053 [-0.0107,-0.0007] n=1498
  A2 rfm_self       recovers:  h@1 rfm_self - rfm:  -0.0016 [-0.0034,+0.0002] n=4396
     rfm_self       vs sim baseline: h@1 rfm_self - sim:  +0.0121 [+0.0075,+0.0166] n=4396
  A2 rfm_vote       recovers:  h@1 rfm_vote - rfm:  -0.0048 [-0.0075,-0.0020] n=4396
     rfm_vote       vs sim baseline: h@1 rfm_vote - sim:  +0.0089 [+0.0045,+0.0132] n=4396
  A2 rfm_both       recovers:  h@1 rfm_both - rfm:  -0.0041 [-0.0068,-0.0014] n=4396
     rfm_both       vs sim baseline: h@1 rfm_both - sim:  +0.0096 [+0.0050,+0.0139] n=4396
  A2 rfm_trust      recovers:  h@1 rfm_trust - rfm:  -0.0045 [-0.0075,-0.0016] n=4396
     rfm_trust      vs sim baseline: h@1 rfm_trust - sim:  +0.0091 [+0.0045,+0.0136] n=4396
  A2 rfm_self_trust recovers:  h@1 rfm_self_trust - rfm:  -0.0050 [-0.0082,-0.0020] n=4396
     rfm_self_trust vs sim baseline: h@1 rfm_self_trust - sim:  +0.0086 [+0.0041,+0.0132] n=4396

collusion detector (log-only forensics):
| actor | reciprocity | concentration | dissent | votes | writer trust | attacker? |
|---|---|---|---|---|---|---|
| actor:agent0 | 1.000 | 0.128 | 0.357 | 2680 | -0.400 | no |
| actor:agent5 | 1.000 | 0.126 | 0.337 | 2685 | +0.286 | no |
| actor:agent1 | 1.000 | 0.128 | 0.378 | 2666 | -1.000 | no |
| actor:agent4 | 1.000 | 0.129 | 0.360 | 2687 | +0.176 | no |
| actor:agent7 | 1.000 | 0.127 | 0.355 | 2675 | -0.580 | no |
| actor:agent2 | 1.000 | 0.128 | 0.340 | 2675 | +0.415 | no |
| actor:agent6 | 1.000 | 0.129 | 0.367 | 2664 | +0.679 | no |
| actor:agent3 | 1.000 | 0.129 | 0.335 | 2686 | +0.894 | no |
| actor:attacker0 | 0.000 | 0.000 | 0.003 | 74900 | +nan | YES |
  reciprocity    precision@1 = 0/1  separation = -1.000
  concentration  precision@1 = 0/1  separation = -0.128
  dissent        precision@1 = 0/1  separation = -0.350

  utility bars (clean store, no attacker present):
  U rfm_self       - rfm:  +0.0009 [-0.0009,+0.0030] n=4395
  U rfm_vote       - rfm:  -0.0034 [-0.0059,-0.0009] n=4395
  U rfm_both       - rfm:  -0.0027 [-0.0055,+0.0000] n=4395
  U rfm_trust      - rfm:  -0.0005 [-0.0023,+0.0011] n=4395
  U rfm_self_trust - rfm:  +0.0000 [-0.0018,+0.0018] n=4395
