Warning: You are sending unauthenticated requests to the HF Hub. Please set a HF_TOKEN to enable higher rate limits and faster downloads.
Loading weights:   0%|          | 0/103 [00:00<?, ?it/s]Loading weights: 100%|██████████| 103/103 [00:00<00:00, 18392.94it/s]
conversation 1: 18 questions done
conversation 2: 18 questions done
conversation 3: 18 questions done
conversation 4: 18 questions done
conversation 5: 18 questions done
conversation 6: 18 questions done
conversation 7: 18 questions done
conversation 8: 18 questions done
conversation 9: 17 questions done
conversation 10: 18 questions done
conversation 11: 18 questions done
conversation 12: 18 questions done
conversation 13: 18 questions done
conversation 14: 18 questions done
conversation 15: 18 questions done
conversation 16: 18 questions done
conversation 17: 18 questions done
conversation 18: 16 questions done
conversation 19: 18 questions done
conversation 20: 16 questions done

=== BEAM 128K sequential feedback, k=10 ===
| condition | split | recall | hit | NDCG | n |
|---|---|---|---|---|---|
| sim | all | 0.531 | 0.707 | 0.427 | 355 |
| sim | overlap=True | 0.477 | 0.741 | 0.399 | 108 |
| sim | overlap=False | 0.554 | 0.692 | 0.439 | 247 |
| rfm_wv0 | all | 0.012 | 0.034 | 0.009 | 355 |
| rfm_wv0 | overlap=True | 0.004 | 0.028 | 0.004 | 108 |
| rfm_wv0 | overlap=False | 0.015 | 0.036 | 0.012 | 247 |
| rfm | all | 0.478 | 0.668 | 0.366 | 355 |
| rfm | overlap=True | 0.452 | 0.731 | 0.397 | 108 |
| rfm | overlap=False | 0.490 | 0.640 | 0.353 | 247 |

paired NDCG deltas (rfm minus baseline), mean [95% bootstrap CI]:
  vs rfm_wv0  all             +0.3566  [+0.3189, +0.3942]  n=355
  vs rfm_wv0  overlap=False   +0.3410  [+0.2965, +0.3871]  n=247
  vs rfm_wv0  overlap=True    +0.3923  [+0.3263, +0.4609]  n=108
  vs sim      all             -0.0607  [-0.0800, -0.0422]  n=355
  vs sim      overlap=False   -0.0863  [-0.1076, -0.0663]  n=247
  vs sim      overlap=True    -0.0023  [-0.0408, +0.0341]  n=108
