Warning: You are sending unauthenticated requests to the HF Hub. Please set a HF_TOKEN to enable higher rate limits and faster downloads.
Loading weights:   0%|          | 0/103 [00:00<?, ?it/s]Loading weights: 100%|██████████| 103/103 [00:00<00:00, 15934.39it/s]
conv-26: 150 questions done
conv-30: 81 questions done
conv-41: 152 questions done
conv-42: 199 questions done
conv-43: 178 questions done
conv-44: 123 questions done
conv-47: 150 questions done
conv-48: 191 questions done
conv-49: 156 questions done
conv-50: 156 questions done

=== LoCoMo sequential feedback, k=10 ===
| condition | split | recall | hit | NDCG | n |
|---|---|---|---|---|---|
| sim | all | 0.446 | 0.507 | 0.303 | 1531 |
| sim | overlap=True | 0.396 | 0.490 | 0.278 | 670 |
| sim | overlap=False | 0.485 | 0.520 | 0.322 | 861 |
| rfm_wv0 | all | 0.015 | 0.019 | 0.011 | 1531 |
| rfm_wv0 | overlap=True | 0.014 | 0.021 | 0.010 | 670 |
| rfm_wv0 | overlap=False | 0.017 | 0.017 | 0.011 | 861 |
| rfm | all | 0.247 | 0.293 | 0.127 | 1531 |
| rfm | overlap=True | 0.263 | 0.339 | 0.147 | 670 |
| rfm | overlap=False | 0.234 | 0.257 | 0.112 | 861 |

paired NDCG deltas (rfm minus baseline), mean [95% bootstrap CI]:
  vs rfm_wv0  all             +0.1164  [+0.1048, +0.1284]  n=1531
  vs rfm_wv0  overlap=False   +0.1007  [+0.0860, +0.1160]  n=861
  vs rfm_wv0  overlap=True    +0.1366  [+0.1178, +0.1559]  n=670
  vs sim      all             -0.1758  [-0.1911, -0.1613]  n=1531
  vs sim      overlap=False   -0.2104  [-0.2301, -0.1915]  n=861
  vs sim      overlap=True    -0.1314  [-0.1544, -0.1085]  n=670
