Warning: You are sending unauthenticated requests to the HF Hub. Please set a HF_TOKEN to enable higher rate limits and faster downloads.
Loading weights:   0%|          | 0/310 [00:00<?, ?it/s]Loading weights:  40%|████      | 125/310 [00:00<00:00, 1206.19it/s]Loading weights:  79%|███████▉  | 246/310 [00:00<00:00, 789.19it/s] Loading weights: 100%|██████████| 310/310 [00:00<00:00, 1001.46it/s]
conv-26: 150 questions done
conv-30: 81 questions done
conv-41: 152 questions done
conv-42: 199 questions done
conv-43: 178 questions done
conv-44: 123 questions done
conv-47: 150 questions done
conv-48: 191 questions done
conv-49: 156 questions done
conv-50: 156 questions done

=== LoCoMo sequential feedback, k=10 ===
| condition | split | recall | hit | NDCG | n |
|---|---|---|---|---|---|
| sim | all | 0.654 | 0.728 | 0.501 | 1531 |
| sim | overlap=True | 0.641 | 0.766 | 0.493 | 670 |
| sim | overlap=False | 0.664 | 0.698 | 0.507 | 861 |
| rfm_wv0 | all | 0.012 | 0.014 | 0.009 | 1531 |
| rfm_wv0 | overlap=True | 0.009 | 0.012 | 0.007 | 670 |
| rfm_wv0 | overlap=False | 0.014 | 0.015 | 0.011 | 861 |
| rfm | all | 0.383 | 0.440 | 0.178 | 1531 |
| rfm | overlap=True | 0.277 | 0.367 | 0.138 | 670 |
| rfm | overlap=False | 0.465 | 0.496 | 0.209 | 861 |

paired NDCG deltas (rfm minus baseline), mean [95% bootstrap CI]:
  vs rfm_wv0  all             +0.1688  [+0.1570, +0.1808]  n=1531
  vs rfm_wv0  overlap=False   +0.1980  [+0.1813, +0.2150]  n=861
  vs rfm_wv0  overlap=True    +0.1312  [+0.1154, +0.1475]  n=670
  vs sim      all             -0.3228  [-0.3399, -0.3056]  n=1531
  vs sim      overlap=False   -0.2983  [-0.3195, -0.2767]  n=861
  vs sim      overlap=True    -0.3541  [-0.3823, -0.3261]  n=670
