Warning: You are sending unauthenticated requests to the HF Hub. Please set a HF_TOKEN to enable higher rate limits and faster downloads.
Loading weights:   0%|          | 0/103 [00:00<?, ?it/s]Loading weights: 100%|██████████| 103/103 [00:00<00:00, 11447.09it/s]
conv1: 18 questions done
conv2: 18 questions done
conv3: 18 questions done
conv4: 18 questions done
conv5: 18 questions done
conv6: 18 questions done
conv7: 18 questions done
conv8: 18 questions done
conv9: 17 questions done
conv10: 18 questions done
conv11: 18 questions done
conv12: 18 questions done
conv13: 18 questions done
conv14: 18 questions done
conv15: 18 questions done
conv16: 18 questions done
conv17: 18 questions done
conv18: 16 questions done
conv19: 18 questions done
conv20: 16 questions done

=== Phase 2 (beam), k=10 ===
| condition | window | recall | hit | NDCG | n |
|---|---|---|---|---|---|
| sim | all | 0.531 | 0.707 | 0.427 | 355 |
| sim | early | 0.468 | 0.600 | 0.373 | 80 |
| sim | late | 0.549 | 0.738 | 0.442 | 275 |
| rfm_wv0 | all | 0.012 | 0.034 | 0.009 | 355 |
| rfm_wv0 | early | 0.004 | 0.013 | 0.003 | 80 |
| rfm_wv0 | late | 0.014 | 0.040 | 0.011 | 275 |
| rfm_oracle | all | 0.478 | 0.668 | 0.366 | 355 |
| rfm_oracle | early | 0.398 | 0.537 | 0.310 | 80 |
| rfm_oracle | late | 0.502 | 0.705 | 0.382 | 275 |
| rfm_align | all | 0.423 | 0.594 | 0.297 | 355 |
| rfm_align | early | 0.400 | 0.525 | 0.292 | 80 |
| rfm_align | late | 0.429 | 0.615 | 0.298 | 275 |
| rfm_prior_distinct | all | 0.469 | 0.659 | 0.369 | 355 |
| rfm_prior_distinct | early | 0.440 | 0.562 | 0.329 | 80 |
| rfm_prior_distinct | late | 0.477 | 0.687 | 0.381 | 275 |
| rfm_prior_isuser | all | 0.563 | 0.735 | 0.460 | 355 |
| rfm_prior_isuser | early | 0.516 | 0.588 | 0.413 | 80 |
| rfm_prior_isuser | late | 0.576 | 0.778 | 0.473 | 275 |

paired NDCG deltas (reference minus condition), mean [95% CI]:
  rfm_oracle - rfm_align            all    +0.0691 [+0.0495, +0.0893] n=355
  rfm_oracle - rfm_align            early  +0.0178 [-0.0053, +0.0432] n=80
  rfm_oracle - rfm_align            late   +0.0840 [+0.0600, +0.1081] n=275
  rfm_oracle - rfm_prior_distinct   all    -0.0030 [-0.0283, +0.0221] n=355
  rfm_oracle - rfm_prior_distinct   early  -0.0191 [-0.0784, +0.0385] n=80
  rfm_oracle - rfm_prior_distinct   late   +0.0017 [-0.0256, +0.0299] n=275
  rfm_oracle - rfm_prior_isuser     all    -0.0938 [-0.1139, -0.0747] n=355
  rfm_oracle - rfm_prior_isuser     early  -0.1032 [-0.1448, -0.0638] n=80
  rfm_oracle - rfm_prior_isuser     late   -0.0910 [-0.1134, -0.0689] n=275
  rfm_oracle - rfm_wv0              all    +0.3566 [+0.3189, +0.3942] n=355
  rfm_oracle - rfm_wv0              early  +0.3067 [+0.2295, +0.3874] n=80
  rfm_oracle - rfm_wv0              late   +0.3711 [+0.3288, +0.4146] n=275
  rfm_oracle - sim                  all    -0.0607 [-0.0800, -0.0422] n=355
  rfm_oracle - sim                  early  -0.0638 [-0.0950, -0.0349] n=80
  rfm_oracle - sim                  late   -0.0599 [-0.0832, -0.0372] n=275
  sim        - rfm_align            all    +0.1298 [+0.1074, +0.1528] n=355
  sim        - rfm_align            early  +0.0816 [+0.0454, +0.1194] n=80
  sim        - rfm_align            late   +0.1438 [+0.1162, +0.1708] n=275
  sim        - rfm_oracle           all    +0.0607 [+0.0422, +0.0800] n=355
  sim        - rfm_oracle           early  +0.0638 [+0.0349, +0.0950] n=80
  sim        - rfm_oracle           late   +0.0599 [+0.0372, +0.0832] n=275
  sim        - rfm_prior_distinct   all    +0.0577 [+0.0291, +0.0871] n=355
  sim        - rfm_prior_distinct   early  +0.0447 [-0.0188, +0.1051] n=80
  sim        - rfm_prior_distinct   late   +0.0615 [+0.0293, +0.0940] n=275
  sim        - rfm_prior_isuser     all    -0.0330 [-0.0535, -0.0125] n=355
  sim        - rfm_prior_isuser     early  -0.0394 [-0.0720, -0.0066] n=80
  sim        - rfm_prior_isuser     late   -0.0312 [-0.0560, -0.0053] n=275
  sim        - rfm_wv0              all    +0.4173 [+0.3779, +0.4573] n=355
  sim        - rfm_wv0              early  +0.3704 [+0.2890, +0.4549] n=80
  sim        - rfm_wv0              late   +0.4310 [+0.3855, +0.4765] n=275
