Warning: You are sending unauthenticated requests to the HF Hub. Please set a HF_TOKEN to enable higher rate limits and faster downloads.
Loading weights:   0%|          | 0/103 [00:00<?, ?it/s]Loading weights: 100%|██████████| 103/103 [00:00<00:00, 17685.17it/s]
conv-26: 150 questions done
conv-30: 81 questions done
conv-41: 152 questions done
conv-42: 199 questions done
conv-43: 178 questions done
conv-44: 123 questions done
conv-47: 150 questions done
conv-48: 191 questions done
conv-49: 156 questions done
conv-50: 156 questions done

=== Phase 2 (locomo), k=10 ===
| condition | window | recall | hit | NDCG | n |
|---|---|---|---|---|---|
| sim | all | 0.446 | 0.507 | 0.303 | 1531 |
| sim | early | 0.425 | 0.485 | 0.280 | 379 |
| sim | late | 0.453 | 0.514 | 0.310 | 1152 |
| rfm_wv0 | all | 0.015 | 0.019 | 0.011 | 1531 |
| rfm_wv0 | early | 0.005 | 0.008 | 0.004 | 379 |
| rfm_wv0 | late | 0.019 | 0.023 | 0.013 | 1152 |
| rfm_oracle | all | 0.415 | 0.479 | 0.250 | 1531 |
| rfm_oracle | early | 0.407 | 0.464 | 0.243 | 379 |
| rfm_oracle | late | 0.418 | 0.484 | 0.252 | 1152 |
| rfm_align | all | 0.330 | 0.384 | 0.164 | 1531 |
| rfm_align | early | 0.298 | 0.354 | 0.157 | 379 |
| rfm_align | late | 0.340 | 0.394 | 0.166 | 1152 |
| rfm_prior_distinct | all | 0.401 | 0.467 | 0.244 | 1531 |
| rfm_prior_distinct | early | 0.373 | 0.446 | 0.232 | 379 |
| rfm_prior_distinct | late | 0.410 | 0.474 | 0.248 | 1152 |

paired NDCG deltas (reference minus condition), mean [95% CI]:
  rfm_oracle - rfm_align            all    +0.0863 [+0.0740, +0.0986] n=1531
  rfm_oracle - rfm_align            early  +0.0865 [+0.0656, +0.1073] n=379
  rfm_oracle - rfm_align            late   +0.0863 [+0.0718, +0.1008] n=1152
  rfm_oracle - rfm_prior_distinct   all    +0.0058 [-0.0073, +0.0186] n=1531
  rfm_oracle - rfm_prior_distinct   early  +0.0115 [-0.0169, +0.0399] n=379
  rfm_oracle - rfm_prior_distinct   late   +0.0039 [-0.0106, +0.0180] n=1152
  rfm_oracle - rfm_wv0              all    +0.2395 [+0.2234, +0.2559] n=1531
  rfm_oracle - rfm_wv0              early  +0.2395 [+0.2071, +0.2723] n=379
  rfm_oracle - rfm_wv0              late   +0.2395 [+0.2209, +0.2582] n=1152
  rfm_oracle - sim                  all    -0.0527 [-0.0670, -0.0388] n=1531
  rfm_oracle - sim                  early  -0.0371 [-0.0557, -0.0186] n=379
  rfm_oracle - sim                  late   -0.0578 [-0.0753, -0.0403] n=1152
  sim        - rfm_align            all    +0.1390 [+0.1252, +0.1534] n=1531
  sim        - rfm_align            early  +0.1236 [+0.1013, +0.1467] n=379
  sim        - rfm_align            late   +0.1441 [+0.1273, +0.1614] n=1152
  sim        - rfm_oracle           all    +0.0527 [+0.0388, +0.0670] n=1531
  sim        - rfm_oracle           early  +0.0371 [+0.0186, +0.0557] n=379
  sim        - rfm_oracle           late   +0.0578 [+0.0403, +0.0753] n=1152
  sim        - rfm_prior_distinct   all    +0.0585 [+0.0418, +0.0753] n=1531
  sim        - rfm_prior_distinct   early  +0.0486 [+0.0188, +0.0789] n=379
  sim        - rfm_prior_distinct   late   +0.0617 [+0.0418, +0.0816] n=1152
  sim        - rfm_wv0              all    +0.2922 [+0.2740, +0.3109] n=1531
  sim        - rfm_wv0              early  +0.2766 [+0.2410, +0.3134] n=379
  sim        - rfm_wv0              late   +0.2974 [+0.2756, +0.3195] n=1152
