Warning: You are sending unauthenticated requests to the HF Hub. Please set a HF_TOKEN to enable higher rate limits and faster downloads.
Loading weights:   0%|          | 0/103 [00:00<?, ?it/s]Loading weights: 100%|██████████| 103/103 [00:00<00:00, 6306.95it/s]
500/4396
1000/4396
1500/4396
2000/4396
2500/4396
3000/4396
3500/4396
4000/4396

=== STAR team memory, k=5, sentence-transformers/all-MiniLM-L6-v2 ===
4396 calls, 24 labels, 115 agents, manual=24
| condition | hit@k | hit@1 | hit@k first500 | hit@k last500 | n |
|---|---|---|---|---|---|
| solo_sim | 0.710 | 0.658 | 0.465 | 0.920 | 4281 |
| solo_rfm | 0.709 | 0.659 | 0.465 | 0.920 | 4281 |
| team_sim | 0.968 | 0.931 | 0.932 | 0.978 | 4395 |
| team_rfm | 0.973 | 0.944 | 0.936 | 0.982 | 4395 |
| manual_sim | 0.954 | 0.720 | 0.936 | 0.942 | 4396 |
| both_sim | 0.972 | 0.934 | 0.964 | 0.978 | 4396 |
| both_rfm | 0.977 | 0.946 | 0.968 | 0.984 | 4396 |

learning curves hit@k by quintile:
| condition | Q1 | Q2 | Q3 | Q4 | Q5 |
|---|---|---|---|---|---|
| solo_sim | 0.520 | 0.592 | 0.746 | 0.770 | 0.921 |
| solo_rfm | 0.519 | 0.590 | 0.748 | 0.771 | 0.919 |
| team_sim | 0.949 | 0.962 | 0.969 | 0.984 | 0.976 |
| team_rfm | 0.957 | 0.968 | 0.976 | 0.983 | 0.981 |
| manual_sim | 0.944 | 0.928 | 0.980 | 0.968 | 0.951 |
| both_sim | 0.969 | 0.962 | 0.970 | 0.984 | 0.976 |
| both_rfm | 0.977 | 0.968 | 0.975 | 0.983 | 0.982 |

learning curves hit@1 by quintile:
| condition | Q1 | Q2 | Q3 | Q4 | Q5 |
|---|---|---|---|---|---|
| solo_sim | 0.492 | 0.525 | 0.704 | 0.707 | 0.864 |
| solo_rfm | 0.494 | 0.528 | 0.704 | 0.707 | 0.864 |
| team_sim | 0.903 | 0.923 | 0.936 | 0.957 | 0.936 |
| team_rfm | 0.922 | 0.935 | 0.954 | 0.958 | 0.949 |
| manual_sim | 0.748 | 0.669 | 0.815 | 0.714 | 0.653 |
| both_sim | 0.917 | 0.924 | 0.936 | 0.957 | 0.936 |
| both_rfm | 0.932 | 0.935 | 0.954 | 0.958 | 0.949 |

paired deltas (pre-registered endpoints first):
  P1 [h@k] team_sim - solo_sim (pooling):    +0.2609 [+0.2467,+0.2754] n=4281
  P2 [h@1] team_sim - manual_sim:            +0.2114 [+0.1975,+0.2250] n=4395
  P3 [h@1] team_rfm - team_sim:              +0.0125 [+0.0084,+0.0166] n=4395
  P4 [h@1] both_rfm - manual_sim:            +0.2259 [+0.2127,+0.2391] n=4396
  s1 [h@1] team_rfm - team_sim (last 1000):  +0.0130 [+0.0050,+0.0220] n=1000
  s2 [h@k] team_rfm - team_sim:              +0.0048 [+0.0023,+0.0073] n=4395
  s3 [h@1] both_rfm - both_sim:              +0.0116 [+0.0075,+0.0157] n=4396
  s4 [h@1] both_rfm - team_rfm:              +0.0020 [+0.0005,+0.0039] n=4395
  s5 [h@k] both_rfm - team_rfm (first 500 aligned): +0.0320 [+0.0180,+0.0480]
